Fold 1 / 5
Learning rate set to 0.097572
0:	learn: 1.0086877	test: 1.0084518	best: 1.0084518 (0)	total: 10ms	remaining: 50.2s
100:	learn: 0.1213313	test: 0.1237055	best: 0.1237055 (100)	total: 484ms	remaining: 23.5s
200:	learn: 0.1010408	test: 0.1045259	best: 0.1045259 (200)	total: 931ms	remaining: 22.2s
300:	learn: 0.0942967	test: 0.0987218	best: 0.0987218 (300)	total: 1.38s	remaining: 21.5s
400:	learn: 0.0905019	test: 0.0958721	best: 0.0958721 (400)	total: 1.81s	remaining: 20.8s
500:	learn: 0.0874044	test: 0.0938510	best: 0.0938510 (500)	total: 2.25s	remaining: 20.2s
600:	learn: 0.0851792	test: 0.0923374	best: 0.0923330 (599)	total: 2.7s	remaining: 19.7s
700:	learn: 0.0834541	test: 0.0913959	best: 0.0913959 (700)	total: 3.13s	remaining: 19.2s
800:	learn: 0.0818352	test: 0.0905482	best: 0.0905438 (799)	total: 3.57s	remaining: 18.7s
900:	learn: 0.0801958	test: 0.0896975	best: 0.0896903 (894)	total: 4.01s	remaining: 18.2s
1000:	learn: 0.0788154	test: 0.0890146	best: 0.0890146 (1000)	total: 4.45s	remaining: 17.8s
1100:	learn: 0.0776170	test: 0.0884547	best: 0.0884468 (1097)	total: 4.88s	remaining: 17.3s
1200:	learn: 0.0765036	test: 0.0879740	best: 0.0879719 (1199)	total: 5.32s	remaining: 16.8s
1300:	learn: 0.0754578	test: 0.0876134	best: 0.0876134 (1300)	total: 5.75s	remaining: 16.4s
1400:	learn: 0.0744170	test: 0.0871889	best: 0.0871889 (1400)	total: 6.19s	remaining: 15.9s
1500:	learn: 0.0735593	test: 0.0868541	best: 0.0868359 (1486)	total: 6.62s	remaining: 15.4s
1600:	learn: 0.0725623	test: 0.0865558	best: 0.0865532 (1599)	total: 7.06s	remaining: 15s
1700:	learn: 0.0717413	test: 0.0863044	best: 0.0863005 (1699)	total: 7.5s	remaining: 14.5s
1800:	learn: 0.0709427	test: 0.0860916	best: 0.0860828 (1795)	total: 7.94s	remaining: 14.1s
1900:	learn: 0.0701193	test: 0.0857227	best: 0.0857227 (1900)	total: 8.38s	remaining: 13.7s
2000:	learn: 0.0693501	test: 0.0854675	best: 0.0854443 (1989)	total: 8.8s	remaining: 13.2s
2100:	learn: 0.0686498	test: 0.0852950	best: 0.0852950 (2100)	total: 9.24s	remaining: 12.8s
2200:	learn: 0.0679725	test: 0.0849995	best: 0.0849995 (2200)	total: 9.67s	remaining: 12.3s
2300:	learn: 0.0673634	test: 0.0848983	best: 0.0848620 (2272)	total: 10.1s	remaining: 11.8s
2400:	learn: 0.0667174	test: 0.0849532	best: 0.0848620 (2272)	total: 10.5s	remaining: 11.4s
2500:	learn: 0.0660894	test: 0.0848840	best: 0.0848548 (2490)	total: 11s	remaining: 11s
2600:	learn: 0.0654372	test: 0.0847292	best: 0.0847273 (2594)	total: 11.4s	remaining: 10.5s
2700:	learn: 0.0648584	test: 0.0846703	best: 0.0846476 (2630)	total: 11.8s	remaining: 10.1s
2800:	learn: 0.0643328	test: 0.0846302	best: 0.0846282 (2770)	total: 12.3s	remaining: 9.64s
2900:	learn: 0.0638477	test: 0.0845544	best: 0.0845339 (2878)	total: 12.7s	remaining: 9.21s
3000:	learn: 0.0633148	test: 0.0845321	best: 0.0845038 (2946)	total: 13.2s	remaining: 8.77s
3100:	learn: 0.0627669	test: 0.0843911	best: 0.0843865 (3081)	total: 13.6s	remaining: 8.33s
3200:	learn: 0.0622024	test: 0.0842760	best: 0.0842760 (3200)	total: 14s	remaining: 7.89s
3300:	learn: 0.0617209	test: 0.0843135	best: 0.0842696 (3244)	total: 14.5s	remaining: 7.45s
3400:	learn: 0.0612255	test: 0.0842795	best: 0.0842673 (3381)	total: 14.9s	remaining: 7.02s
3500:	learn: 0.0607658	test: 0.0841962	best: 0.0841949 (3497)	total: 15.4s	remaining: 6.57s
3600:	learn: 0.0603004	test: 0.0840950	best: 0.0840697 (3584)	total: 15.8s	remaining: 6.13s
3700:	learn: 0.0598637	test: 0.0840718	best: 0.0840580 (3663)	total: 16.2s	remaining: 5.7s
3800:	learn: 0.0594412	test: 0.0840370	best: 0.0839858 (3754)	total: 16.7s	remaining: 5.26s
3900:	learn: 0.0590379	test: 0.0839923	best: 0.0839858 (3754)	total: 17.1s	remaining: 4.82s
4000:	learn: 0.0586327	test: 0.0840057	best: 0.0839656 (3953)	total: 17.5s	remaining: 4.38s
4100:	learn: 0.0582477	test: 0.0839834	best: 0.0839637 (4035)	total: 18s	remaining: 3.94s
4200:	learn: 0.0578503	test: 0.0839221	best: 0.0838842 (4190)	total: 18.4s	remaining: 3.5s
4300:	learn: 0.0575025	test: 0.0839695	best: 0.0838842 (4190)	total: 18.8s	remaining: 3.06s
4400:	learn: 0.0571486	test: 0.0840358	best: 0.0838842 (4190)	total: 19.3s	remaining: 2.62s
bestTest = 0.08388422002
bestIteration = 4190
Shrink model to first 4191 iterations.
  Fold 1 Balanced Accuracy: 0.970952

Fold 2 / 5
Learning rate set to 0.097572
0:	learn: 1.0088089	test: 1.0082830	best: 1.0082830 (0)	total: 5.56ms	remaining: 27.8s
100:	learn: 0.1226442	test: 0.1229238	best: 0.1229238 (100)	total: 486ms	remaining: 23.5s
200:	learn: 0.1018985	test: 0.1029540	best: 0.1029540 (200)	total: 947ms	remaining: 22.6s
300:	learn: 0.0955431	test: 0.0974200	best: 0.0974200 (300)	total: 1.41s	remaining: 22s
400:	learn: 0.0915305	test: 0.0943438	best: 0.0943438 (400)	total: 1.85s	remaining: 21.3s
500:	learn: 0.0887691	test: 0.0923290	best: 0.0923235 (499)	total: 2.29s	remaining: 20.6s
600:	learn: 0.0863710	test: 0.0905798	best: 0.0905798 (600)	total: 2.74s	remaining: 20.1s
700:	learn: 0.0842362	test: 0.0891929	best: 0.0891929 (700)	total: 3.19s	remaining: 19.6s
800:	learn: 0.0824786	test: 0.0882030	best: 0.0881955 (798)	total: 3.63s	remaining: 19s
900:	learn: 0.0808878	test: 0.0872749	best: 0.0872749 (900)	total: 4.07s	remaining: 18.5s
1000:	learn: 0.0794267	test: 0.0863690	best: 0.0863676 (999)	total: 4.51s	remaining: 18s
1100:	learn: 0.0781315	test: 0.0857644	best: 0.0857644 (1100)	total: 4.95s	remaining: 17.5s
1200:	learn: 0.0769428	test: 0.0851511	best: 0.0851474 (1199)	total: 5.38s	remaining: 17s
1300:	learn: 0.0758499	test: 0.0845683	best: 0.0845630 (1299)	total: 5.82s	remaining: 16.5s
1400:	learn: 0.0748523	test: 0.0842038	best: 0.0841949 (1395)	total: 6.26s	remaining: 16.1s
1500:	learn: 0.0739821	test: 0.0839779	best: 0.0839779 (1500)	total: 6.7s	remaining: 15.6s
1600:	learn: 0.0731110	test: 0.0837023	best: 0.0836906 (1581)	total: 7.14s	remaining: 15.2s
1700:	learn: 0.0721995	test: 0.0834101	best: 0.0834101 (1700)	total: 7.58s	remaining: 14.7s
1800:	learn: 0.0713818	test: 0.0832345	best: 0.0832341 (1799)	total: 8.01s	remaining: 14.2s
1900:	learn: 0.0706892	test: 0.0831289	best: 0.0831268 (1894)	total: 8.45s	remaining: 13.8s
2000:	learn: 0.0699016	test: 0.0828243	best: 0.0828243 (2000)	total: 8.89s	remaining: 13.3s
2100:	learn: 0.0691651	test: 0.0825993	best: 0.0825961 (2085)	total: 9.32s	remaining: 12.9s
2200:	learn: 0.0683703	test: 0.0823475	best: 0.0823418 (2199)	total: 9.76s	remaining: 12.4s
2300:	learn: 0.0677025	test: 0.0821704	best: 0.0821684 (2298)	total: 10.2s	remaining: 12s
2400:	learn: 0.0670523	test: 0.0820164	best: 0.0820164 (2400)	total: 10.6s	remaining: 11.5s
2500:	learn: 0.0664080	test: 0.0818399	best: 0.0818390 (2497)	total: 11.1s	remaining: 11.1s
2600:	learn: 0.0657768	test: 0.0816927	best: 0.0816887 (2596)	total: 11.5s	remaining: 10.6s
2700:	learn: 0.0651956	test: 0.0815528	best: 0.0815528 (2700)	total: 12s	remaining: 10.2s
2800:	learn: 0.0646425	test: 0.0814932	best: 0.0814656 (2779)	total: 12.4s	remaining: 9.74s
2900:	learn: 0.0640591	test: 0.0814539	best: 0.0814154 (2872)	total: 12.9s	remaining: 9.3s
3000:	learn: 0.0634342	test: 0.0813505	best: 0.0813457 (2998)	total: 13.3s	remaining: 8.86s
3100:	learn: 0.0629436	test: 0.0813774	best: 0.0813457 (2998)	total: 13.7s	remaining: 8.41s
3200:	learn: 0.0624465	test: 0.0813062	best: 0.0812987 (3189)	total: 14.2s	remaining: 7.96s
3300:	learn: 0.0619714	test: 0.0811941	best: 0.0811813 (3291)	total: 14.6s	remaining: 7.51s
3400:	learn: 0.0614756	test: 0.0811232	best: 0.0811016 (3385)	total: 15s	remaining: 7.07s
3500:	learn: 0.0609951	test: 0.0811613	best: 0.0810924 (3423)	total: 15.5s	remaining: 6.63s
3600:	learn: 0.0605138	test: 0.0811573	best: 0.0810924 (3423)	total: 15.9s	remaining: 6.19s
3700:	learn: 0.0600327	test: 0.0810565	best: 0.0810565 (3700)	total: 16.4s	remaining: 5.75s
3800:	learn: 0.0595555	test: 0.0810260	best: 0.0810081 (3773)	total: 16.8s	remaining: 5.3s
3900:	learn: 0.0591308	test: 0.0810151	best: 0.0810071 (3888)	total: 17.3s	remaining: 4.86s
4000:	learn: 0.0587478	test: 0.0809987	best: 0.0809796 (3955)	total: 17.7s	remaining: 4.42s
4100:	learn: 0.0583152	test: 0.0809639	best: 0.0808914 (4047)	total: 18.1s	remaining: 3.98s
4200:	learn: 0.0579528	test: 0.0810057	best: 0.0808914 (4047)	total: 18.6s	remaining: 3.53s
4300:	learn: 0.0575241	test: 0.0810123	best: 0.0808914 (4047)	total: 19s	remaining: 3.09s
bestTest = 0.08089143455
bestIteration = 4047
Shrink model to first 4048 iterations.
  Fold 2 Balanced Accuracy: 0.973569

Fold 3 / 5
Learning rate set to 0.097572
0:	learn: 1.0084808	test: 1.0090490	best: 1.0090490 (0)	total: 5.66ms	remaining: 28.3s
100:	learn: 0.1212865	test: 0.1212966	best: 0.1212966 (100)	total: 480ms	remaining: 23.3s
200:	learn: 0.1012655	test: 0.1020921	best: 0.1020921 (200)	total: 933ms	remaining: 22.3s
300:	learn: 0.0948797	test: 0.0964671	best: 0.0964671 (300)	total: 1.38s	remaining: 21.5s
400:	learn: 0.0915574	test: 0.0938866	best: 0.0938866 (400)	total: 1.82s	remaining: 20.9s
500:	learn: 0.0883569	test: 0.0914892	best: 0.0914892 (500)	total: 2.27s	remaining: 20.4s
600:	learn: 0.0860694	test: 0.0899929	best: 0.0899929 (600)	total: 2.71s	remaining: 19.9s
700:	learn: 0.0840913	test: 0.0887223	best: 0.0887223 (700)	total: 3.15s	remaining: 19.3s
800:	learn: 0.0823719	test: 0.0876500	best: 0.0876428 (799)	total: 3.58s	remaining: 18.8s
900:	learn: 0.0808887	test: 0.0868521	best: 0.0868521 (900)	total: 4.02s	remaining: 18.3s
1000:	learn: 0.0794804	test: 0.0859079	best: 0.0859079 (1000)	total: 4.45s	remaining: 17.8s
1100:	learn: 0.0783866	test: 0.0854068	best: 0.0854068 (1100)	total: 4.88s	remaining: 17.3s
1200:	learn: 0.0772041	test: 0.0847267	best: 0.0847267 (1200)	total: 5.32s	remaining: 16.8s
1300:	learn: 0.0761832	test: 0.0842766	best: 0.0842736 (1299)	total: 5.75s	remaining: 16.4s
1400:	learn: 0.0753064	test: 0.0839088	best: 0.0839050 (1398)	total: 6.19s	remaining: 15.9s
1500:	learn: 0.0744210	test: 0.0834711	best: 0.0834688 (1499)	total: 6.62s	remaining: 15.4s
1600:	learn: 0.0735985	test: 0.0832103	best: 0.0832101 (1599)	total: 7.05s	remaining: 15s
1700:	learn: 0.0728022	test: 0.0828935	best: 0.0828882 (1691)	total: 7.48s	remaining: 14.5s
1800:	learn: 0.0719053	test: 0.0825466	best: 0.0825403 (1799)	total: 7.92s	remaining: 14.1s
1900:	learn: 0.0710389	test: 0.0822322	best: 0.0822322 (1900)	total: 8.35s	remaining: 13.6s
2000:	learn: 0.0702597	test: 0.0819876	best: 0.0819779 (1995)	total: 8.78s	remaining: 13.2s
2100:	learn: 0.0694988	test: 0.0818212	best: 0.0818182 (2086)	total: 9.22s	remaining: 12.7s
2200:	learn: 0.0689159	test: 0.0816353	best: 0.0816165 (2186)	total: 9.65s	remaining: 12.3s
2300:	learn: 0.0682453	test: 0.0813923	best: 0.0813923 (2300)	total: 10.1s	remaining: 11.8s
2400:	learn: 0.0676257	test: 0.0812145	best: 0.0812104 (2394)	total: 10.5s	remaining: 11.4s
2500:	learn: 0.0670459	test: 0.0810937	best: 0.0810931 (2499)	total: 10.9s	remaining: 10.9s
2600:	learn: 0.0664434	test: 0.0809801	best: 0.0809609 (2556)	total: 11.4s	remaining: 10.5s
2700:	learn: 0.0659720	test: 0.0807829	best: 0.0807829 (2700)	total: 11.8s	remaining: 10.1s
2800:	learn: 0.0654323	test: 0.0806461	best: 0.0806461 (2800)	total: 12.3s	remaining: 9.62s
2900:	learn: 0.0648450	test: 0.0805445	best: 0.0805382 (2899)	total: 12.7s	remaining: 9.18s
3000:	learn: 0.0643509	test: 0.0803939	best: 0.0803908 (2986)	total: 13.1s	remaining: 8.74s
3100:	learn: 0.0638831	test: 0.0802148	best: 0.0802136 (3081)	total: 13.6s	remaining: 8.31s
3200:	learn: 0.0632917	test: 0.0801218	best: 0.0801093 (3179)	total: 14s	remaining: 7.87s
3300:	learn: 0.0627752	test: 0.0799589	best: 0.0799371 (3295)	total: 14.5s	remaining: 7.44s
3400:	learn: 0.0623010	test: 0.0798783	best: 0.0798554 (3364)	total: 14.9s	remaining: 7s
3500:	learn: 0.0618704	test: 0.0797927	best: 0.0797827 (3496)	total: 15.3s	remaining: 6.56s
3600:	learn: 0.0614628	test: 0.0796294	best: 0.0796262 (3598)	total: 15.8s	remaining: 6.12s
3700:	learn: 0.0609925	test: 0.0795040	best: 0.0794962 (3699)	total: 16.2s	remaining: 5.68s
3800:	learn: 0.0606019	test: 0.0794324	best: 0.0794301 (3781)	total: 16.6s	remaining: 5.25s
3900:	learn: 0.0601974	test: 0.0794797	best: 0.0793958 (3806)	total: 17.1s	remaining: 4.81s
4000:	learn: 0.0597705	test: 0.0794845	best: 0.0793958 (3806)	total: 17.5s	remaining: 4.37s
4100:	learn: 0.0592919	test: 0.0793990	best: 0.0793707 (4081)	total: 18s	remaining: 3.94s
4200:	learn: 0.0588822	test: 0.0793962	best: 0.0793707 (4081)	total: 18.4s	remaining: 3.5s
4300:	learn: 0.0585013	test: 0.0793371	best: 0.0793358 (4298)	total: 18.8s	remaining: 3.06s
4400:	learn: 0.0581099	test: 0.0792024	best: 0.0792009 (4399)	total: 19.3s	remaining: 2.62s
4500:	learn: 0.0577199	test: 0.0791328	best: 0.0791231 (4485)	total: 19.7s	remaining: 2.18s
4600:	learn: 0.0573510	test: 0.0791424	best: 0.0791225 (4509)	total: 20.1s	remaining: 1.75s
4700:	learn: 0.0570158	test: 0.0791519	best: 0.0791225 (4509)	total: 20.6s	remaining: 1.31s
4800:	learn: 0.0566616	test: 0.0790512	best: 0.0790391 (4789)	total: 21s	remaining: 872ms
4900:	learn: 0.0563153	test: 0.0789940	best: 0.0789889 (4882)	total: 21.5s	remaining: 434ms
4999:	learn: 0.0559794	test: 0.0789053	best: 0.0788759 (4971)	total: 21.9s	remaining: 0us
bestTest = 0.07887587678
bestIteration = 4971
Shrink model to first 4972 iterations.
  Fold 3 Balanced Accuracy: 0.974087

Fold 4 / 5
Learning rate set to 0.097572
0:	learn: 1.0087063	test: 1.0085520	best: 1.0085520 (0)	total: 6.31ms	remaining: 31.5s
100:	learn: 0.1211543	test: 0.1208429	best: 0.1208429 (100)	total: 479ms	remaining: 23.3s
200:	learn: 0.1013781	test: 0.1015279	best: 0.1015279 (200)	total: 935ms	remaining: 22.3s
300:	learn: 0.0947749	test: 0.0955202	best: 0.0955202 (300)	total: 1.4s	remaining: 21.8s
400:	learn: 0.0912929	test: 0.0929173	best: 0.0929139 (398)	total: 1.84s	remaining: 21.1s
500:	learn: 0.0883794	test: 0.0908054	best: 0.0908036 (499)	total: 2.29s	remaining: 20.5s
600:	learn: 0.0861766	test: 0.0893303	best: 0.0893271 (598)	total: 2.73s	remaining: 20s
700:	learn: 0.0843067	test: 0.0882033	best: 0.0882033 (700)	total: 3.17s	remaining: 19.5s
800:	learn: 0.0825033	test: 0.0871391	best: 0.0871391 (800)	total: 3.61s	remaining: 18.9s
900:	learn: 0.0810012	test: 0.0862276	best: 0.0862251 (899)	total: 4.05s	remaining: 18.4s
1000:	learn: 0.0796557	test: 0.0854592	best: 0.0854592 (1000)	total: 4.49s	remaining: 17.9s
1100:	learn: 0.0784036	test: 0.0848542	best: 0.0848542 (1100)	total: 4.93s	remaining: 17.5s
1200:	learn: 0.0771534	test: 0.0842600	best: 0.0842529 (1198)	total: 5.37s	remaining: 17s
1300:	learn: 0.0760013	test: 0.0835663	best: 0.0835572 (1297)	total: 5.8s	remaining: 16.5s
1400:	learn: 0.0750188	test: 0.0831482	best: 0.0831482 (1400)	total: 6.24s	remaining: 16s
1500:	learn: 0.0740428	test: 0.0827601	best: 0.0827510 (1498)	total: 6.68s	remaining: 15.6s
1600:	learn: 0.0731687	test: 0.0824784	best: 0.0824658 (1592)	total: 7.12s	remaining: 15.1s
1700:	learn: 0.0723647	test: 0.0821335	best: 0.0821307 (1699)	total: 7.55s	remaining: 14.6s
1800:	learn: 0.0715531	test: 0.0818210	best: 0.0818210 (1800)	total: 7.98s	remaining: 14.2s
1900:	learn: 0.0707329	test: 0.0814172	best: 0.0814172 (1900)	total: 8.41s	remaining: 13.7s
2000:	learn: 0.0700605	test: 0.0811841	best: 0.0811841 (2000)	total: 8.85s	remaining: 13.3s
2100:	learn: 0.0693694	test: 0.0810501	best: 0.0810446 (2086)	total: 9.28s	remaining: 12.8s
2200:	learn: 0.0687205	test: 0.0809019	best: 0.0809019 (2200)	total: 9.7s	remaining: 12.3s
2300:	learn: 0.0680818	test: 0.0807354	best: 0.0807254 (2258)	total: 10.1s	remaining: 11.9s
2400:	learn: 0.0675158	test: 0.0805727	best: 0.0805727 (2400)	total: 10.6s	remaining: 11.4s
2500:	learn: 0.0669059	test: 0.0804173	best: 0.0804064 (2496)	total: 11s	remaining: 11s
2600:	learn: 0.0663616	test: 0.0803369	best: 0.0803369 (2600)	total: 11.4s	remaining: 10.5s
2700:	learn: 0.0657973	test: 0.0802258	best: 0.0802258 (2700)	total: 11.9s	remaining: 10.1s
2800:	learn: 0.0652281	test: 0.0800393	best: 0.0800393 (2799)	total: 12.3s	remaining: 9.66s
2900:	learn: 0.0647034	test: 0.0799424	best: 0.0799197 (2889)	total: 12.7s	remaining: 9.22s
3000:	learn: 0.0640950	test: 0.0798010	best: 0.0798010 (3000)	total: 13.2s	remaining: 8.79s
3100:	learn: 0.0635197	test: 0.0796590	best: 0.0796498 (3099)	total: 13.6s	remaining: 8.35s
3200:	learn: 0.0630162	test: 0.0795872	best: 0.0795652 (3189)	total: 14.1s	remaining: 7.91s
3300:	learn: 0.0625090	test: 0.0795069	best: 0.0795021 (3298)	total: 14.5s	remaining: 7.46s
3400:	learn: 0.0620492	test: 0.0794808	best: 0.0794568 (3337)	total: 14.9s	remaining: 7.02s
3500:	learn: 0.0616168	test: 0.0794226	best: 0.0794079 (3490)	total: 15.4s	remaining: 6.59s
3600:	learn: 0.0612079	test: 0.0793467	best: 0.0793394 (3599)	total: 15.8s	remaining: 6.15s
3700:	learn: 0.0608009	test: 0.0793505	best: 0.0793365 (3623)	total: 16.2s	remaining: 5.7s
3800:	learn: 0.0603830	test: 0.0792853	best: 0.0792745 (3754)	total: 16.7s	remaining: 5.26s
3900:	learn: 0.0599317	test: 0.0792545	best: 0.0792333 (3886)	total: 17.1s	remaining: 4.82s
4000:	learn: 0.0595450	test: 0.0792077	best: 0.0792041 (3997)	total: 17.6s	remaining: 4.38s
4100:	learn: 0.0591280	test: 0.0790688	best: 0.0790688 (4100)	total: 18s	remaining: 3.94s
4200:	learn: 0.0587589	test: 0.0790612	best: 0.0790485 (4163)	total: 18.4s	remaining: 3.5s
4300:	learn: 0.0583264	test: 0.0789809	best: 0.0789796 (4299)	total: 18.9s	remaining: 3.06s
4400:	learn: 0.0579570	test: 0.0789629	best: 0.0789471 (4380)	total: 19.3s	remaining: 2.63s
4500:	learn: 0.0576029	test: 0.0789740	best: 0.0789471 (4380)	total: 19.7s	remaining: 2.19s
4600:	learn: 0.0572406	test: 0.0789148	best: 0.0789125 (4580)	total: 20.2s	remaining: 1.75s
4700:	learn: 0.0568900	test: 0.0789468	best: 0.0789101 (4642)	total: 20.6s	remaining: 1.31s
4800:	learn: 0.0565672	test: 0.0789548	best: 0.0789101 (4642)	total: 21.1s	remaining: 873ms
4900:	learn: 0.0562294	test: 0.0789935	best: 0.0789101 (4642)	total: 21.5s	remaining: 434ms
bestTest = 0.0789101227
bestIteration = 4642
Shrink model to first 4643 iterations.
  Fold 4 Balanced Accuracy: 0.973045

Fold 5 / 5
Learning rate set to 0.097572
0:	learn: 1.0085774	test: 1.0089489	best: 1.0089489 (0)	total: 5.45ms	remaining: 27.3s
100:	learn: 0.1222721	test: 0.1212546	best: 0.1212546 (100)	total: 482ms	remaining: 23.4s
200:	learn: 0.1023863	test: 0.1023393	best: 0.1023393 (200)	total: 940ms	remaining: 22.4s
300:	learn: 0.0957118	test: 0.0965212	best: 0.0965212 (300)	total: 1.39s	remaining: 21.7s
400:	learn: 0.0916809	test: 0.0932762	best: 0.0932762 (400)	total: 1.84s	remaining: 21.2s
500:	learn: 0.0885802	test: 0.0909041	best: 0.0909041 (500)	total: 2.29s	remaining: 20.5s
600:	learn: 0.0862673	test: 0.0892387	best: 0.0892387 (600)	total: 2.73s	remaining: 20s
700:	learn: 0.0844196	test: 0.0881287	best: 0.0881287 (700)	total: 3.16s	remaining: 19.4s
800:	learn: 0.0825909	test: 0.0869941	best: 0.0869941 (800)	total: 3.6s	remaining: 18.9s
900:	learn: 0.0809530	test: 0.0861209	best: 0.0861209 (900)	total: 4.03s	remaining: 18.3s
1000:	learn: 0.0796172	test: 0.0854882	best: 0.0854697 (995)	total: 4.46s	remaining: 17.8s
1100:	learn: 0.0783826	test: 0.0848740	best: 0.0848740 (1100)	total: 4.9s	remaining: 17.4s
1200:	learn: 0.0772568	test: 0.0842439	best: 0.0842439 (1200)	total: 5.33s	remaining: 16.9s
1300:	learn: 0.0761165	test: 0.0837927	best: 0.0837927 (1300)	total: 5.77s	remaining: 16.4s
1400:	learn: 0.0751625	test: 0.0835067	best: 0.0835025 (1391)	total: 6.2s	remaining: 15.9s
1500:	learn: 0.0741372	test: 0.0831145	best: 0.0831072 (1498)	total: 6.64s	remaining: 15.5s
1600:	learn: 0.0733051	test: 0.0827861	best: 0.0827861 (1600)	total: 7.06s	remaining: 15s
1700:	learn: 0.0724468	test: 0.0825238	best: 0.0825238 (1700)	total: 7.5s	remaining: 14.6s
1800:	learn: 0.0715710	test: 0.0822834	best: 0.0822742 (1796)	total: 7.94s	remaining: 14.1s
1900:	learn: 0.0708629	test: 0.0820196	best: 0.0820176 (1899)	total: 8.38s	remaining: 13.7s
2000:	learn: 0.0699781	test: 0.0816266	best: 0.0816203 (1999)	total: 8.81s	remaining: 13.2s
2100:	learn: 0.0692851	test: 0.0814694	best: 0.0814642 (2096)	total: 9.26s	remaining: 12.8s
2200:	learn: 0.0685720	test: 0.0813453	best: 0.0813138 (2167)	total: 9.7s	remaining: 12.3s
2300:	learn: 0.0680011	test: 0.0812165	best: 0.0812165 (2300)	total: 10.1s	remaining: 11.9s
2400:	learn: 0.0674051	test: 0.0810586	best: 0.0810289 (2385)	total: 10.6s	remaining: 11.4s
2500:	learn: 0.0667956	test: 0.0808992	best: 0.0808949 (2495)	total: 11s	remaining: 11s
2600:	learn: 0.0661557	test: 0.0807584	best: 0.0807509 (2591)	total: 11.4s	remaining: 10.6s
2700:	learn: 0.0655488	test: 0.0806557	best: 0.0806337 (2693)	total: 11.9s	remaining: 10.1s
2800:	learn: 0.0649800	test: 0.0805434	best: 0.0805335 (2770)	total: 12.3s	remaining: 9.67s
2900:	learn: 0.0644189	test: 0.0805219	best: 0.0805138 (2829)	total: 12.8s	remaining: 9.23s
3000:	learn: 0.0639197	test: 0.0805171	best: 0.0804971 (2986)	total: 13.2s	remaining: 8.79s
3100:	learn: 0.0633916	test: 0.0804704	best: 0.0804382 (3069)	total: 13.6s	remaining: 8.35s
3200:	learn: 0.0629111	test: 0.0804037	best: 0.0803975 (3197)	total: 14.1s	remaining: 7.91s
3300:	learn: 0.0624089	test: 0.0804096	best: 0.0803636 (3233)	total: 14.5s	remaining: 7.47s
3400:	learn: 0.0619596	test: 0.0803325	best: 0.0803325 (3400)	total: 15s	remaining: 7.03s
3500:	learn: 0.0615409	test: 0.0802957	best: 0.0802911 (3488)	total: 15.4s	remaining: 6.59s
3600:	learn: 0.0611115	test: 0.0802154	best: 0.0802127 (3596)	total: 15.8s	remaining: 6.15s
3700:	learn: 0.0606894	test: 0.0802481	best: 0.0801669 (3623)	total: 16.3s	remaining: 5.71s
3800:	learn: 0.0602151	test: 0.0801402	best: 0.0801402 (3800)	total: 16.7s	remaining: 5.27s
3900:	learn: 0.0598392	test: 0.0800696	best: 0.0800654 (3898)	total: 17.1s	remaining: 4.82s
4000:	learn: 0.0594236	test: 0.0799851	best: 0.0799626 (3948)	total: 17.6s	remaining: 4.38s
4100:	learn: 0.0590557	test: 0.0799146	best: 0.0799050 (4097)	total: 18s	remaining: 3.94s
4200:	learn: 0.0586187	test: 0.0798181	best: 0.0798181 (4200)	total: 18.4s	remaining: 3.5s
4300:	learn: 0.0582662	test: 0.0798325	best: 0.0798181 (4200)	total: 18.9s	remaining: 3.07s
4400:	learn: 0.0578537	test: 0.0798258	best: 0.0798181 (4200)	total: 19.3s	remaining: 2.63s
4500:	learn: 0.0575299	test: 0.0798240	best: 0.0797920 (4424)	total: 19.8s	remaining: 2.19s
4600:	learn: 0.0571878	test: 0.0798057	best: 0.0797920 (4424)	total: 20.2s	remaining: 1.75s
4700:	learn: 0.0568184	test: 0.0797853	best: 0.0797749 (4697)	total: 20.6s	remaining: 1.31s
4800:	learn: 0.0564521	test: 0.0796983	best: 0.0796983 (4800)	total: 21.1s	remaining: 874ms
4900:	learn: 0.0561134	test: 0.0796825	best: 0.0796601 (4837)	total: 21.5s	remaining: 435ms
4999:	learn: 0.0557894	test: 0.0796827	best: 0.0796544 (4948)	total: 21.9s	remaining: 0us
bestTest = 0.07965441029
bestIteration = 4948
Shrink model to first 4949 iterations.
  Fold 5 Balanced Accuracy: 0.972299

Overall OOF Balanced Accuracy: 0.972791
OOF predictions saved to /media/oscarm524/Expansion/Kaggle/2026/PS_Ep4/Version_2/CatBoost/cat_4_oof.csv
Test predicted likelihoods saved to /media/oscarm524/Expansion/Kaggle/2026/PS_Ep4/Version_2/CatBoost/cat_4_test.csv

Submission saved to /media/oscarm524/Expansion/Kaggle/2026/PS_Ep4/Version_2/CatBoost/cat_4.csv
